<p><code>System.out.println(&quot;bar&quot;)</code>{language=java}</p>
