<p><code>System.out.println(&quot;bar&quot;)</code></p>
