<p><code class="language-this-is-not-a-language">System.out.println(&quot;bar&quot;)</code></p>
