<p><code class="language-java"><span class="token class-name">System</span><span class="token punctuation">.</span>out<span class="token punctuation">.</span><span class="token function">println</span><span class="token punctuation">(</span><span class="token string">"bar"</span><span class="token punctuation">)</span></code></p>
