<p><code class="language-&quot;&gt;&lt;img/onerror=&quot;alert('hacked')&quot;src=.&gt;&lt;span/class=&quot;">System.out.println(&quot;bar&quot;)</code></p>
