<h1>Test</h1>
<p>This is a fenced code block:</p>
<pre class="language-&quot;&gt;&lt;img/onerror=&quot;alert('hacked')&quot;src=.&gt;&lt;span\class=&quot;"><code class="language-&quot;&gt;&lt;img/onerror=&quot;alert('hacked')&quot;src=.&gt;&lt;span\class=&quot;">public class Foo() {
	public Foo(String bar) {
		System.out.println(bar);
	}
}
</code></pre>
