<pre class="language-cpp"><code class="language-cpp"><span class="token keyword">class</span> <span class="token class-name">Demo</span> <span class="token punctuation">{</span> <span class="token punctuation">}</span><span class="token punctuation">;</span>
</code></pre>
