<h1>Test</h1>

<p>This is a fenced code block:</p>
<pre class="language-java"><code class="language-java">
	<span class="token keyword keyword-public">public</span> <span class="token keyword keyword-class">class</span> <span class="token class-name">Foo</span><span class="token punctuation">(</span><span class="token punctuation">)</span> <span class="token punctuation">{</span>
		<span class="token keyword keyword-public">public</span> <span class="token function">Foo</span><span class="token punctuation">(</span>bar<span class="token punctuation">)</span> <span class="token punctuation">{</span>
			System<span class="token punctuation">.</span>out<span class="token punctuation">.</span><span class="token function">println</span><span class="token punctuation">(</span>bar<span class="token punctuation">)</span><span class="token punctuation">;</span>
		<span class="token punctuation">}</span>
	<span class="token punctuation">}</span>
</code></pre>
