<h1>Test</h1>

<p>This is a fenced code block:</p>
<pre><code>
	public class Foo() {
		public Foo(bar) {
			System.out.println(bar);
		}
	}
</code></pre>
