<h1>Test</h1>
<p>This is a fenced code block:</p>
<pre class="test-java"><code class="test-java"><span class="token keyword">public</span> <span class="token keyword">class</span> <span class="token class-name">Foo</span><span class="token punctuation">(</span><span class="token punctuation">)</span> <span class="token punctuation">{</span>
	<span class="token keyword">public</span> <span class="token class-name">Foo</span><span class="token punctuation">(</span>bar<span class="token punctuation">)</span> <span class="token punctuation">{</span>
		<span class="token class-name">System</span><span class="token punctuation">.</span>out<span class="token punctuation">.</span><span class="token function">println</span><span class="token punctuation">(</span>bar<span class="token punctuation">)</span><span class="token punctuation">;</span>
	<span class="token punctuation">}</span>
<span class="token punctuation">}</span>
</code></pre>
