<h1>Test</h1>

<p>This is a fenced code block with language specification of an unknown language:</p>
<pre class="language-this-is-not-a-language"><code class="language-this-is-not-a-language">
	public class Foo() {
		public Foo(bar) {
			System.out.println(bar);
		}
	}
</code></pre>
