<h1>Test</h1>

<p>This is a fenced code block with language specification:</p>

<pre class="language-java"><code class="language-java"><span class="token keyword">public</span> <span class="token keyword">class</span> <span class="token class-name">Foo</span><span class="token punctuation">(</span><span class="token punctuation">)</span> <span class="token punctuation">{</span>
	<span class="token keyword">public</span> <span class="token function">Foo</span><span class="token punctuation">(</span>bar<span class="token punctuation">)</span> <span class="token punctuation">{</span>
		System<span class="token punctuation">.</span>out<span class="token punctuation">.</span><span class="token function">println</span><span class="token punctuation">(</span>bar<span class="token punctuation">)</span><span class="token punctuation">;</span>
	<span class="token punctuation">}</span>
<span class="token punctuation">}</span>
</code></pre>
<p>This is one without language specification:</p>
<pre><code>
	public class Foo() {
	public Foo(bar) {
		System.out.println(bar);
	}
}
</code></pre>
<p>This a indented code block:</p>
<pre><code>public class Foo() {
	public Foo(bar) {
		System.out.println(bar);
	}
}
</code></pre>
